(((5 + 2) / 7) + (3 * |(((10 / 2) - (|7| * 1)) / 2)|))
= 4
